============================= test session starts ==============================
platform darwin -- Python 3.10.2, pytest-9.1.1, pluggy-1.6.0 -- /Users/nishant/Desktop/rag_project/backend/.venv/bin/python3.10-intel64
cachedir: .pytest_cache
rootdir: /Users/nishant/Desktop/rag_project/backend
plugins: anyio-4.14.2
collecting ... collected 2 items

tests/test_rag.py::test_rag_query FAILED                                 [ 50%]
tests/test_rag.py::test_rag_analyze FAILED                               [100%]

=================================== FAILURES ===================================
________________________________ test_rag_query ________________________________
.venv/lib/python3.10/site-packages/sqlalchemy/engine/base.py:1969: in _exec_single_context
    self.dialect.do_execute(
.venv/lib/python3.10/site-packages/sqlalchemy/engine/default.py:952: in do_execute
    cursor.execute(statement, parameters)
E   sqlite3.OperationalError: near ">": syntax error

The above exception was the direct cause of the following exception:
tests/test_rag.py:70: in test_rag_query
    response = client.post(
.venv/lib/python3.10/site-packages/starlette/testclient.py:556: in post
    return super().post(
.venv/lib/python3.10/site-packages/httpx/_client.py:1144: in post
    return self.request(
.venv/lib/python3.10/site-packages/starlette/testclient.py:455: in request
    return super().request(
.venv/lib/python3.10/site-packages/httpx/_client.py:825: in request
    return self.send(request, auth=auth, follow_redirects=follow_redirects)
.venv/lib/python3.10/site-packages/httpx/_client.py:914: in send
    response = self._send_handling_auth(
.venv/lib/python3.10/site-packages/httpx/_client.py:942: in _send_handling_auth
    response = self._send_handling_redirects(
.venv/lib/python3.10/site-packages/httpx/_client.py:979: in _send_handling_redirects
    response = self._send_single_request(request)
.venv/lib/python3.10/site-packages/httpx/_client.py:1014: in _send_single_request
    response = transport.handle_request(request)
.venv/lib/python3.10/site-packages/starlette/testclient.py:354: in handle_request
    raise exc
.venv/lib/python3.10/site-packages/starlette/testclient.py:351: in handle_request
    portal.call(self.app, scope, receive, send)
.venv/lib/python3.10/site-packages/anyio/from_thread.py:338: in call
    return cast(T_Retval, self.start_task_soon(func, *args).result())
/Library/Frameworks/Python.framework/Versions/3.10/lib/python3.10/concurrent/futures/_base.py:446: in result
    return self.__get_result()
/Library/Frameworks/Python.framework/Versions/3.10/lib/python3.10/concurrent/futures/_base.py:391: in __get_result
    raise self._exception
.venv/lib/python3.10/site-packages/anyio/from_thread.py:263: in _call_func
    retval = await retval_or_awaitable
.venv/lib/python3.10/site-packages/fastapi/applications.py:1163: in __call__
    await super().__call__(scope, receive, send)
.venv/lib/python3.10/site-packages/starlette/applications.py:96: in __call__
    await self.middleware_stack(scope, receive, send)
.venv/lib/python3.10/site-packages/starlette/middleware/errors.py:186: in __call__
    raise exc
.venv/lib/python3.10/site-packages/starlette/middleware/errors.py:164: in __call__
    await self.app(scope, receive, _send)
.venv/lib/python3.10/site-packages/starlette/middleware/cors.py:88: in __call__
    await self.app(scope, receive, send)
.venv/lib/python3.10/site-packages/starlette/middleware/exceptions.py:63: in __call__
    await wrap_app_handling_exceptions(self.app, conn)(scope, receive, send)
.venv/lib/python3.10/site-packages/starlette/_exception_handler.py:53: in wrapped_app
    raise exc
.venv/lib/python3.10/site-packages/starlette/_exception_handler.py:42: in wrapped_app
    await app(scope, receive, sender)
.venv/lib/python3.10/site-packages/fastapi/middleware/asyncexitstack.py:18: in __call__
    await self.app(scope, receive, send)
.venv/lib/python3.10/site-packages/starlette/routing.py:670: in __call__
    await self.middleware_stack(scope, receive, send)
.venv/lib/python3.10/site-packages/fastapi/routing.py:2734: in app
    await route.handle(scope, receive, send)
.venv/lib/python3.10/site-packages/fastapi/routing.py:1780: in handle
    await self.original_router.handle(scope, receive, send)
.venv/lib/python3.10/site-packages/fastapi/routing.py:2789: in handle
    await included_router._handle_selected(scope, receive, send)
.venv/lib/python3.10/site-packages/fastapi/routing.py:1800: in _handle_selected
    await original_route.handle(scope, receive, send)
.venv/lib/python3.10/site-packages/fastapi/routing.py:1279: in handle
    await app(scope, receive, send)
.venv/lib/python3.10/site-packages/fastapi/routing.py:158: in app
    await wrap_app_handling_exceptions(app, request)(scope, receive, send)
.venv/lib/python3.10/site-packages/starlette/_exception_handler.py:53: in wrapped_app
    raise exc
.venv/lib/python3.10/site-packages/starlette/_exception_handler.py:42: in wrapped_app
    await app(scope, receive, sender)
.venv/lib/python3.10/site-packages/fastapi/routing.py:144: in app
    response = await f(request)
.venv/lib/python3.10/site-packages/fastapi/routing.py:706: in app
    raw_response = await run_endpoint_function(
.venv/lib/python3.10/site-packages/fastapi/routing.py:354: in run_endpoint_function
    return await run_in_threadpool(dependant.call, **values)
.venv/lib/python3.10/site-packages/starlette/concurrency.py:34: in run_in_threadpool
    return await anyio.to_thread.run_sync(func)
.venv/lib/python3.10/site-packages/anyio/to_thread.py:65: in run_sync
    return await get_async_backend().run_sync_in_worker_thread(
.venv/lib/python3.10/site-packages/anyio/_backends/_asyncio.py:2641: in run_sync_in_worker_thread
    return await future
.venv/lib/python3.10/site-packages/anyio/_backends/_asyncio.py:1033: in run
    result = context.run(func, *args)
app/routes/analysis.py:37: in query_document
    result = analysis_service.query_document(db, document_id, request.query)
app/services/analysis.py:109: in query_document
    top_chunks = retrieval_service.hybrid_search(db, document_id, query=query, top_k=5)
app/services/retrieval.py:28: in hybrid_search
    ).filter(Chunk.document_id == document_id).all()
.venv/lib/python3.10/site-packages/sqlalchemy/orm/query.py:2711: in all
    return self._iter().all()  # type: ignore
.venv/lib/python3.10/site-packages/sqlalchemy/orm/query.py:2864: in _iter
    result: Union[ScalarResult[_T], Result[_T]] = self.session.execute(
.venv/lib/python3.10/site-packages/sqlalchemy/orm/session.py:2373: in execute
    return self._execute_internal(
.venv/lib/python3.10/site-packages/sqlalchemy/orm/session.py:2271: in _execute_internal
    result: Result[Any] = compile_state_cls.orm_execute_statement(
.venv/lib/python3.10/site-packages/sqlalchemy/orm/context.py:306: in orm_execute_statement
    result = conn.execute(
.venv/lib/python3.10/site-packages/sqlalchemy/engine/base.py:1421: in execute
    return meth(
.venv/lib/python3.10/site-packages/sqlalchemy/sql/elements.py:526: in _execute_on_connection
    return connection._execute_clauseelement(
.venv/lib/python3.10/site-packages/sqlalchemy/engine/base.py:1643: in _execute_clauseelement
    ret = self._execute_context(
.venv/lib/python3.10/site-packages/sqlalchemy/engine/base.py:1848: in _execute_context
    return self._exec_single_context(
.venv/lib/python3.10/site-packages/sqlalchemy/engine/base.py:1988: in _exec_single_context
    self._handle_dbapi_exception(
.venv/lib/python3.10/site-packages/sqlalchemy/engine/base.py:2365: in _handle_dbapi_exception
    raise sqlalchemy_exception.with_traceback(exc_info[2]) from e
.venv/lib/python3.10/site-packages/sqlalchemy/engine/base.py:1969: in _exec_single_context
    self.dialect.do_execute(
.venv/lib/python3.10/site-packages/sqlalchemy/engine/default.py:952: in do_execute
    cursor.execute(statement, parameters)
E   sqlalchemy.exc.OperationalError: (sqlite3.OperationalError) near ">": syntax error
E   [SQL: SELECT chunks.id AS chunks_id, chunks.document_id AS chunks_document_id, chunks.chunk_index AS chunks_chunk_index, chunks.text AS chunks_text, chunks.page_number AS chunks_page_number, chunks.section_heading AS chunks_section_heading, chunks.embedding AS chunks_embedding, chunks.created_at AS chunks_created_at, chunks.embedding <=> ? AS distance 
E   FROM chunks 
E   WHERE chunks.document_id = ?]
E   [parameters: ('[-0.01528107967199677,-0.05559520100885231,-0.020343950380454688,-0.032923745503621926,0.051929354093967095,-0.013323905778269411,-0.0383757838058579 ... (7739 characters truncated) ... 2377,0.03891137825796505,-0.030031934597750103,0.004309955616241191,0.016303857918520723,0.0680701211962116,0.03420190177482048,4.56100364871617e-05]', 'bf95b732-ce4f-472f-b7d3-455aa9c128b2')]
E   (Background on this error at: https://sqlalche.me/e/20/e3q8)
----------------------------- Captured stdout call -----------------------------
[Embedder] SentenceTransformers load warning: No module named 'sentence_transformers'. Using numpy fallback.
[Embedder] SentenceTransformers load warning: No module named 'sentence_transformers'. Using numpy fallback.
_______________________________ test_rag_analyze _______________________________
.venv/lib/python3.10/site-packages/sqlalchemy/engine/base.py:1969: in _exec_single_context
    self.dialect.do_execute(
.venv/lib/python3.10/site-packages/sqlalchemy/engine/default.py:952: in do_execute
    cursor.execute(statement, parameters)
E   sqlite3.OperationalError: near ">": syntax error

The above exception was the direct cause of the following exception:
tests/test_rag.py:112: in test_rag_analyze
    response = client.post(f"/documents/{doc_id}/analyze")
.venv/lib/python3.10/site-packages/starlette/testclient.py:556: in post
    return super().post(
.venv/lib/python3.10/site-packages/httpx/_client.py:1144: in post
    return self.request(
.venv/lib/python3.10/site-packages/starlette/testclient.py:455: in request
    return super().request(
.venv/lib/python3.10/site-packages/httpx/_client.py:825: in request
    return self.send(request, auth=auth, follow_redirects=follow_redirects)
.venv/lib/python3.10/site-packages/httpx/_client.py:914: in send
    response = self._send_handling_auth(
.venv/lib/python3.10/site-packages/httpx/_client.py:942: in _send_handling_auth
    response = self._send_handling_redirects(
.venv/lib/python3.10/site-packages/httpx/_client.py:979: in _send_handling_redirects
    response = self._send_single_request(request)
.venv/lib/python3.10/site-packages/httpx/_client.py:1014: in _send_single_request
    response = transport.handle_request(request)
.venv/lib/python3.10/site-packages/starlette/testclient.py:354: in handle_request
    raise exc
.venv/lib/python3.10/site-packages/starlette/testclient.py:351: in handle_request
    portal.call(self.app, scope, receive, send)
.venv/lib/python3.10/site-packages/anyio/from_thread.py:338: in call
    return cast(T_Retval, self.start_task_soon(func, *args).result())
/Library/Frameworks/Python.framework/Versions/3.10/lib/python3.10/concurrent/futures/_base.py:446: in result
    return self.__get_result()
/Library/Frameworks/Python.framework/Versions/3.10/lib/python3.10/concurrent/futures/_base.py:391: in __get_result
    raise self._exception
.venv/lib/python3.10/site-packages/anyio/from_thread.py:263: in _call_func
    retval = await retval_or_awaitable
.venv/lib/python3.10/site-packages/fastapi/applications.py:1163: in __call__
    await super().__call__(scope, receive, send)
.venv/lib/python3.10/site-packages/starlette/applications.py:96: in __call__
    await self.middleware_stack(scope, receive, send)
.venv/lib/python3.10/site-packages/starlette/middleware/errors.py:186: in __call__
    raise exc
.venv/lib/python3.10/site-packages/starlette/middleware/errors.py:164: in __call__
    await self.app(scope, receive, _send)
.venv/lib/python3.10/site-packages/starlette/middleware/cors.py:88: in __call__
    await self.app(scope, receive, send)
.venv/lib/python3.10/site-packages/starlette/middleware/exceptions.py:63: in __call__
    await wrap_app_handling_exceptions(self.app, conn)(scope, receive, send)
.venv/lib/python3.10/site-packages/starlette/_exception_handler.py:53: in wrapped_app
    raise exc
.venv/lib/python3.10/site-packages/starlette/_exception_handler.py:42: in wrapped_app
    await app(scope, receive, sender)
.venv/lib/python3.10/site-packages/fastapi/middleware/asyncexitstack.py:18: in __call__
    await self.app(scope, receive, send)
.venv/lib/python3.10/site-packages/starlette/routing.py:670: in __call__
    await self.middleware_stack(scope, receive, send)
.venv/lib/python3.10/site-packages/fastapi/routing.py:2734: in app
    await route.handle(scope, receive, send)
.venv/lib/python3.10/site-packages/fastapi/routing.py:1780: in handle
    await self.original_router.handle(scope, receive, send)
.venv/lib/python3.10/site-packages/fastapi/routing.py:2789: in handle
    await included_router._handle_selected(scope, receive, send)
.venv/lib/python3.10/site-packages/fastapi/routing.py:1800: in _handle_selected
    await original_route.handle(scope, receive, send)
.venv/lib/python3.10/site-packages/fastapi/routing.py:1279: in handle
    await app(scope, receive, send)
.venv/lib/python3.10/site-packages/fastapi/routing.py:158: in app
    await wrap_app_handling_exceptions(app, request)(scope, receive, send)
.venv/lib/python3.10/site-packages/starlette/_exception_handler.py:53: in wrapped_app
    raise exc
.venv/lib/python3.10/site-packages/starlette/_exception_handler.py:42: in wrapped_app
    await app(scope, receive, sender)
.venv/lib/python3.10/site-packages/fastapi/routing.py:144: in app
    response = await f(request)
.venv/lib/python3.10/site-packages/fastapi/routing.py:706: in app
    raw_response = await run_endpoint_function(
.venv/lib/python3.10/site-packages/fastapi/routing.py:354: in run_endpoint_function
    return await run_in_threadpool(dependant.call, **values)
.venv/lib/python3.10/site-packages/starlette/concurrency.py:34: in run_in_threadpool
    return await anyio.to_thread.run_sync(func)
.venv/lib/python3.10/site-packages/anyio/to_thread.py:65: in run_sync
    return await get_async_backend().run_sync_in_worker_thread(
.venv/lib/python3.10/site-packages/anyio/_backends/_asyncio.py:2641: in run_sync_in_worker_thread
    return await future
.venv/lib/python3.10/site-packages/anyio/_backends/_asyncio.py:1033: in run
    result = context.run(func, *args)
app/routes/analysis.py:20: in analyze_document
    extracted_clauses = analysis_service.analyze_document(db, document_id)
app/services/analysis.py:69: in analyze_document
    top_chunks = retrieval_service.hybrid_search(db, document_id, query=category + " " + question, top_k=5)
app/services/retrieval.py:28: in hybrid_search
    ).filter(Chunk.document_id == document_id).all()
.venv/lib/python3.10/site-packages/sqlalchemy/orm/query.py:2711: in all
    return self._iter().all()  # type: ignore
.venv/lib/python3.10/site-packages/sqlalchemy/orm/query.py:2864: in _iter
    result: Union[ScalarResult[_T], Result[_T]] = self.session.execute(
.venv/lib/python3.10/site-packages/sqlalchemy/orm/session.py:2373: in execute
    return self._execute_internal(
.venv/lib/python3.10/site-packages/sqlalchemy/orm/session.py:2271: in _execute_internal
    result: Result[Any] = compile_state_cls.orm_execute_statement(
.venv/lib/python3.10/site-packages/sqlalchemy/orm/context.py:306: in orm_execute_statement
    result = conn.execute(
.venv/lib/python3.10/site-packages/sqlalchemy/engine/base.py:1421: in execute
    return meth(
.venv/lib/python3.10/site-packages/sqlalchemy/sql/elements.py:526: in _execute_on_connection
    return connection._execute_clauseelement(
.venv/lib/python3.10/site-packages/sqlalchemy/engine/base.py:1643: in _execute_clauseelement
    ret = self._execute_context(
.venv/lib/python3.10/site-packages/sqlalchemy/engine/base.py:1848: in _execute_context
    return self._exec_single_context(
.venv/lib/python3.10/site-packages/sqlalchemy/engine/base.py:1988: in _exec_single_context
    self._handle_dbapi_exception(
.venv/lib/python3.10/site-packages/sqlalchemy/engine/base.py:2365: in _handle_dbapi_exception
    raise sqlalchemy_exception.with_traceback(exc_info[2]) from e
.venv/lib/python3.10/site-packages/sqlalchemy/engine/base.py:1969: in _exec_single_context
    self.dialect.do_execute(
.venv/lib/python3.10/site-packages/sqlalchemy/engine/default.py:952: in do_execute
    cursor.execute(statement, parameters)
E   sqlalchemy.exc.OperationalError: (sqlite3.OperationalError) near ">": syntax error
E   [SQL: SELECT chunks.id AS chunks_id, chunks.document_id AS chunks_document_id, chunks.chunk_index AS chunks_chunk_index, chunks.text AS chunks_text, chunks.page_number AS chunks_page_number, chunks.section_heading AS chunks_section_heading, chunks.embedding AS chunks_embedding, chunks.created_at AS chunks_created_at, chunks.embedding <=> ? AS distance 
E   FROM chunks 
E   WHERE chunks.document_id = ?]
E   [parameters: ('[0.08322214584996679,-0.01915329291305377,0.027171294260144165,-0.10482505171511151,-0.07270266550292578,0.03699571298474082,-0.0491937698996427,0.09 ... (7729 characters truncated) ... ,0.041805098212287284,-0.06518807957448783,-0.025573139351710766,0.0250089512990364,-0.02648798734713353,-0.009767056062740144,0.0008477262749503102]', '2ad82a9e-fd2a-44b8-b159-9f9970cf6d9b')]
E   (Background on this error at: https://sqlalche.me/e/20/e3q8)
----------------------------- Captured stdout call -----------------------------
[Embedder] SentenceTransformers load warning: No module named 'sentence_transformers'. Using numpy fallback.
[Embedder] SentenceTransformers load warning: No module named 'sentence_transformers'. Using numpy fallback.
=============================== warnings summary ===============================
.venv/lib/python3.10/site-packages/fastapi/testclient.py:1
  /Users/nishant/Desktop/rag_project/backend/.venv/lib/python3.10/site-packages/fastapi/testclient.py:1: StarletteDeprecationWarning: Using `httpx` with `starlette.testclient` is deprecated; install `httpx2` instead.
    from starlette.testclient import TestClient as TestClient  # noqa

-- Docs: https://docs.pytest.org/en/stable/how-to/capture-warnings.html
=========================== short test summary info ============================
FAILED tests/test_rag.py::test_rag_query - sqlalchemy.exc.OperationalError: (...
FAILED tests/test_rag.py::test_rag_analyze - sqlalchemy.exc.OperationalError:...
======================== 2 failed, 1 warning in 19.29s =========================
